 EfiDSEFix

 Timestamp is 6a0afc6d (Mon May 18 07:47:57 2026)

 Preferred load address is 0000000140000000

 Start         Length     Name                   Class
 0001:00000000 000022e9H .text$mn                CODE
 0002:00000000 00000100H .idata$5                DATA
 0002:00000100 0000215cH .rdata                  DATA
 0002:0000225c 0000005cH .rdata$voltmd           DATA
 0002:000022b8 00000028H .rdata$zzzdbg           DATA
 0002:000022e0 00000250H .xdata                  DATA
 0002:00002530 00000000H .edata                  DATA
 0002:00002530 00000028H .idata$2                DATA
 0002:00002558 00000018H .idata$3                DATA
 0002:00002570 00000100H .idata$4                DATA
 0002:00002670 00000246H .idata$6                DATA
 0003:00000000 00000010H .data                   DATA
 0004:00000000 0000018cH .pdata                  DATA
 0005:00000000 00000060H .rsrc$01                DATA
 0005:00000060 00000318H .rsrc$02                DATA

  Address         Publics by Value              Rva+Base               Lib:Object

 0000:00000000       __AbsoluteZero             0000000000000000     <absolute>
 0000:00000000       ___safe_se_handler_count   0000000000000000     <absolute>
 0000:00000000       ___safe_se_handler_table   0000000000000000     <absolute>
 0000:00000000       __arm64x_extra_rfe_table   0000000000000000     <absolute>
 0000:00000000       __arm64x_extra_rfe_table_size 0000000000000000     <absolute>
 0000:00000000       __arm64x_native_entrypoint 0000000000000000     <absolute>
 0000:00000000       __arm64x_redirection_metadata 0000000000000000     <absolute>
 0000:00000000       __arm64x_redirection_metadata_count 0000000000000000     <absolute>
 0000:00000000       __dynamic_value_reloc_table 0000000000000000     <absolute>
 0000:00000000       __enclave_config           0000000000000000     <absolute>
 0000:00000000       __guard_check_icall_a64n_fptr 0000000000000000     <absolute>
 0000:00000000       __guard_eh_cont_count      0000000000000000     <absolute>
 0000:00000000       __guard_eh_cont_table      0000000000000000     <absolute>
 0000:00000000       __guard_fids_count         0000000000000000     <absolute>
 0000:00000000       __guard_fids_table         0000000000000000     <absolute>
 0000:00000000       __guard_flags              0000000000000000     <absolute>
 0000:00000000       __guard_iat_count          0000000000000000     <absolute>
 0000:00000000       __guard_iat_table          0000000000000000     <absolute>
 0000:00000000       __guard_longjmp_count      0000000000000000     <absolute>
 0000:00000000       __guard_longjmp_table      0000000000000000     <absolute>
 0000:00000000       __hybrid_auxiliary_delayload_iat 0000000000000000     <absolute>
 0000:00000000       __hybrid_auxiliary_delayload_iat_copy 0000000000000000     <absolute>
 0000:00000000       __hybrid_auxiliary_iat     0000000000000000     <absolute>
 0000:00000000       __hybrid_auxiliary_iat_copy 0000000000000000     <absolute>
 0000:00000000       __hybrid_code_map          0000000000000000     <absolute>
 0000:00000000       __hybrid_code_map_count    0000000000000000     <absolute>
 0000:00000000       __hybrid_image_info_bitfield 0000000000000000     <absolute>
 0000:00000000       __x64_code_ranges_to_entry_points 0000000000000000     <absolute>
 0000:00000000       __x64_code_ranges_to_entry_points_count 0000000000000000     <absolute>
 0001:00000000       hde64_disasm               0000000140001000 f   hde64.obj
 0001:00000690       Printf                     0000000140001690 f i main.obj
 0001:00000790       wmain                      0000000140001790 f   main.obj
 0001:00001170       ?NtProcessStartupW@@YAJPEAU_PEB@@@Z 0000000140002170 f   main.obj
 0001:000019f0       TestSetVariableHook        00000001400029f0 f   EfiDSEFix.obj
 0001:00001be0       AdjustCiOptions            0000000140002be0 f   EfiDSEFix.obj
 0001:00001da0       AddressIsInSection         0000000140002da0 f   pe.obj
 0001:00001e50       DumpSystemInformation      0000000140002e50 f   sysinfo.obj
 0001:000022dd       memcpy                     00000001400032dd f   ntdllp:ntdll.dll
 0001:000022e3       strcmp                     00000001400032e3 f   ntdllp:ntdll.dll
 0002:00000000       __imp_WriteConsoleW        0000000140004000     kernel32:KERNEL32.dll
 0002:00000008       \177KERNEL32_NULL_THUNK_DATA 0000000140004008     kernel32:KERNEL32.dll
 0002:00000010       __imp_RtlAllocateHeap      0000000140004010     ntdllp:ntdll.dll
 0002:00000018       __imp_NtWriteFile          0000000140004018     ntdllp:ntdll.dll
 0002:00000020       __imp_RtlNormalizeProcessParams 0000000140004020     ntdllp:ntdll.dll
 0002:00000028       __imp_RtlInitUnicodeString 0000000140004028     ntdllp:ntdll.dll
 0002:00000030       __imp_wcstoul              0000000140004030     ntdllp:ntdll.dll
 0002:00000038       __imp_NtClose              0000000140004038     ntdllp:ntdll.dll
 0002:00000040       __imp_RtlAdjustPrivilege   0000000140004040     ntdllp:ntdll.dll
 0002:00000048       __imp_NtCreateKey          0000000140004048     ntdllp:ntdll.dll
 0002:00000050       __imp_NtSetValueKey        0000000140004050     ntdllp:ntdll.dll
 0002:00000058       __imp_NtTerminateProcess   0000000140004058     ntdllp:ntdll.dll
 0002:00000060       __imp_NtOpenFile           0000000140004060     ntdllp:ntdll.dll
 0002:00000068       __imp_wcsncmp              0000000140004068     ntdllp:ntdll.dll
 0002:00000070       __imp_NtQuerySystemTime    0000000140004070     ntdllp:ntdll.dll
 0002:00000078       __imp__snwprintf           0000000140004078     ntdllp:ntdll.dll
 0002:00000080       __imp_RtlImageNtHeader     0000000140004080     ntdllp:ntdll.dll
 0002:00000088       __imp_NtSetSystemEnvironmentValueEx 0000000140004088     ntdllp:ntdll.dll
 0002:00000090       __imp__stricmp             0000000140004090     ntdllp:ntdll.dll
 0002:00000098       __imp_RtlFreeHeap          0000000140004098     ntdllp:ntdll.dll
 0002:000000a0       __imp_NtUnmapViewOfSection 00000001400040a0     ntdllp:ntdll.dll
 0002:000000a8       __imp_NtCreateSection      00000001400040a8     ntdllp:ntdll.dll
 0002:000000b0       __imp_RtlDosPathNameToRelativeNtPathName_U_WithStatus 00000001400040b0     ntdllp:ntdll.dll
 0002:000000b8       __imp_RtlReleaseRelativeName 00000001400040b8     ntdllp:ntdll.dll
 0002:000000c0       __imp_strncmp              00000001400040c0     ntdllp:ntdll.dll
 0002:000000c8       __imp_NtCreateFile         00000001400040c8     ntdllp:ntdll.dll
 0002:000000d0       __imp_NtMapViewOfSection   00000001400040d0     ntdllp:ntdll.dll
 0002:000000d8       __imp_memcpy               00000001400040d8     ntdllp:ntdll.dll
 0002:000000e0       __imp_NtQuerySystemInformation 00000001400040e0     ntdllp:ntdll.dll
 0002:000000e8       __imp__vsnwprintf          00000001400040e8     ntdllp:ntdll.dll
 0002:000000f0       __imp_strcmp               00000001400040f0     ntdllp:ntdll.dll
 0002:000000f8       \177ntdll_NULL_THUNK_DATA  00000001400040f8     ntdllp:ntdll.dll
 0002:00000100       hde64_table                0000000140004100     hde64.obj
 0002:00000318       ??_C@_1BI@INGMCODL@?$AAg?$AA_?$AAC?$AAi?$AAO?$AAp?$AAt?$AAi?$AAo?$AAn?$AAs@ 0000000140004318     main.obj
 0002:00000330       ??_C@_1BI@JBCLAEOG@?$AAg?$AA_?$AAC?$AAi?$AAE?$AAn?$AAa?$AAb?$AAl?$AAe?$AAd@ 0000000140004330     main.obj
 0002:00000348       ??_C@_11LOCGONAA@@         0000000140004348     main.obj
 0002:00000350       ??_C@_1BO@OOGCDJDI@?$AA?5?$AA?$FL?$AAg?$AA_?$AAC?$AAi?$AAO?$AAp?$AAt?$AAi?$AAo?$AAn?$AAs?$AA?$FN@ 0000000140004350     main.obj
 0002:00000370       ??_C@_1BO@EFGFDNAO@?$AA?5?$AA?5?$AA?5?$AA?5?$AA?5?$AA?5?$AA?5?$AA?5?$AA?5?$AA?5?$AA?5?$AA?5?$AA?5?$AA?5@ 0000000140004370     main.obj
 0002:00000390       ??_C@_1COE@IDIOMONG@?$AA?6?$AAU?$AAs?$AAa?$AAg?$AAe?$AA?3?$AA?5?$AA?$CF?$AAl?$AAs?$AA?5?$AA?$DM?$AAC?$AAO@ 0000000140004390     main.obj
 0002:00000674       ??_C@_15LJNJHFI@?$AA?9?$AAh@ 0000000140004674     main.obj
 0002:0000067c       ??_C@_15DEDJCAKD@?$AA?9?$AAr@ 000000014000467c     main.obj
 0002:00000688       ??_C@_1O@MPBPBDHM@?$AA?9?$AA?9?$AAr?$AAe?$AAa?$AAd@ 0000000140004688     main.obj
 0002:00000698       ??_C@_1CO@IGPHFKCM@?$AAQ?$AAu?$AAe?$AAr?$AAy?$AAi?$AAn?$AAg?$AA?5?$AA?$CF?$AAl?$AAs?$AA?5?$AAv?$AAa@ 0000000140004698     main.obj
 0002:000006c8       ??_C@_15EBELCIOA@?$AA?9?$AAd@ 00000001400046c8     main.obj
 0002:000006d0       ??_C@_1BE@LBGAKHPK@?$AA?9?$AA?9?$AAd?$AAi?$AAs?$AAa?$AAb?$AAl?$AAe@ 00000001400046d0     main.obj
 0002:000006e8       ??_C@_1CE@NNILCJJP@?$AAD?$AAi?$AAs?$AAa?$AAb?$AAl?$AAi?$AAn?$AAg?$AA?5?$AAD?$AAS?$AAE?$AA?4?$AA?4@ 00000001400046e8     main.obj
 0002:0000070c       ??_C@_15PJPHEPIF@?$AA?9?$AAe@ 000000014000470c     main.obj
 0002:00000718       ??_C@_1BC@DOEECAIH@?$AA?9?$AA?9?$AAe?$AAn?$AAa?$AAb?$AAl?$AAe@ 0000000140004718     main.obj
 0002:00000730       ??_C@_1FC@CMPPCPED@?$AA?$CI?$AAR?$AAe?$AA?$CJ?$AAe?$AAn?$AAa?$AAb?$AAl?$AAi?$AAn?$AAg?$AA?5?$AAD?$AAS@ 0000000140004730     main.obj
 0002:00000788       ??_C@_1CK@FBFDKEOH@?$AA?$CI?$AAR?$AAe?$AA?$CJ?$AAe?$AAn?$AAa?$AAb?$AAl?$AAi?$AAn?$AAg?$AA?5?$AAD?$AAS@ 0000000140004788     main.obj
 0002:000007b4       ??_C@_15NMJMBAFJ@?$AA?9?$AAc@ 00000001400047b4     main.obj
 0002:000007c0       ??_C@_1BA@BABPNMFI@?$AA?9?$AA?9?$AAc?$AAh?$AAe?$AAc?$AAk@ 00000001400047c0     main.obj
 0002:000007d0       ??_C@_1FM@ELHJJGMN@?$AAC?$AAh?$AAe?$AAc?$AAk?$AAi?$AAn?$AAg?$AA?5?$AAf?$AAo?$AAr?$AA?5?$AAw?$AAo@ 00000001400047d0     main.obj
 0002:00000830       ??_C@_1BE@JKFBHDHB@?$AAS?$AAu?$AAc?$AAc?$AAe?$AAs?$AAs?$AA?4?$AA?6@ 0000000140004830     main.obj
 0002:00000844       ??_C@_15LDCBPADN@?$AA?9?$AAi@ 0000000140004844     main.obj
 0002:00000850       ??_C@_1O@IHDPMCIM@?$AA?9?$AA?9?$AAi?$AAn?$AAf?$AAo@ 0000000140004850     main.obj
 0002:00000860       ??_C@_15HGJFNINC@?$AA?9?$AAa@ 0000000140004860     main.obj
 0002:00000868       ??_C@_1O@PLCHAMJF@?$AA?9?$AA?9?$AAa?$AAu?$AAt?$AAo@ 0000000140004868     main.obj
 0002:00000878       ??_C@_15JODAOICI@?$AA?9?$AAp@ 0000000140004878     main.obj
 0002:00000880       ??_C@_1BG@IPIJOFEE@?$AA?9?$AA?9?$AAp?$AAo?$AAs?$AAt?$AAb?$AAo?$AAo?$AAt@ 0000000140004880     main.obj
 0002:000008a0       ??_C@_1HC@DFPBHOID@?$AA?2?$AAR?$AAe?$AAg?$AAi?$AAs?$AAt?$AAr?$AAy?$AA?2?$AAM?$AAa?$AAc?$AAh?$AAi@ 00000001400048a0     main.obj
 0002:00000918       ??_C@_1DA@BFBKMEHG@?$AAP?$AAo?$AAs?$AAt?$AAB?$AAo?$AAo?$AAt?$AAL?$AAa?$AAu?$AAn?$AAc?$AAh?$AAT@ 0000000140004918     main.obj
 0002:00000948       ??_C@_1BO@ECEDFGLN@?$AAP?$AAo?$AAs?$AAt?$AAB?$AAo?$AAo?$AAt?$AAM?$AAe?$AAt?$AAh?$AAo?$AAd@ 0000000140004948     main.obj
 0002:00000968       ??_C@_1BE@NFPAEHCM@?$AAI?$AAn?$AAs?$AAt?$AAa?$AAl?$AAl?$AAe?$AAd@ 0000000140004968     main.obj
 0002:00000980       ??_C@_1BE@LHONHDAI@?$AAr?$AAe?$AAa?$AAd?$AAy?$AA?4?$AAs?$AAi?$AAg@ 0000000140004980     main.obj
 0002:000009a0       ??_C@_1EC@CGDDOMEL@?$AAA?$AAd?$AAj?$AAu?$AAs?$AAt?$AAC?$AAi?$AAO?$AAp?$AAt?$AAi?$AAo?$AAn?$AAs@ 00000001400049a0     main.obj
 0002:000009e8       ??_C@_1BC@DEEJEFII@?$AAS?$AAu?$AAc?$AAc?$AAe?$AAs?$AAs?$AA?4@ 00000001400049e8     main.obj
 0002:00000a00       ??_C@_1BC@LGPIFEA@?$AAd?$AAi?$AAs?$AAa?$AAb?$AAl?$AAe?$AAd@ 0000000140004a00     main.obj
 0002:00000a18       ??_C@_1BI@BNNKHAFK@?$AA?$CI?$AAr?$AAe?$AA?$CJ?$AAe?$AAn?$AAa?$AAb?$AAl?$AAe?$AAd@ 0000000140004a18     main.obj
 0002:00000a30       ??_C@_1DO@NCADPMNB@?$AAS?$AAu?$AAc?$AAc?$AAe?$AAs?$AAs?$AAf?$AAu?$AAl?$AAl?$AAy?$AA?5?$AA?$CF?$AAl@ 0000000140004a30     main.obj
 0002:00000a70       ??_C@_1CG@NJNIBCMD@?$AA?5?$AA?$CF?$AAl?$AAs?$AA?5?$AAv?$AAa?$AAl?$AAu?$AAe?$AA?3?$AA?5?$AA0?$AAx?$AA?$CF@ 0000000140004a70     main.obj
 0002:00000a98       ??_C@_0N@HJEACMNF@CiInitialize@ 0000000140004a98     EfiDSEFix.obj
 0002:00000aa8       ??_C@_04NKLNNIHE@PAGE@     0000000140004aa8     EfiDSEFix.obj
 0002:00000ab0       ??_C@_05LDKNOBJL@?4data@   0000000140004ab0     EfiDSEFix.obj
 0002:00000ab8       ??_C@_08EFLKKODI@CiPolicy@ 0000000140004ab8     EfiDSEFix.obj
 0002:00000ac8       ??_C@_1CC@IGMHNCKO@?$AA?$CF?$AAl?$AAs?$AA?2?$AAS?$AAy?$AAs?$AAt?$AAe?$AAm?$AA3?$AA2?$AA?2?$AA?$CF?$AAh@ 0000000140004ac8     EfiDSEFix.obj
 0002:00000af0       ??_C@_1DI@BLKDJNNP@?$AAF?$AAa?$AAi?$AAl?$AAe?$AAd?$AA?5?$AAt?$AAo?$AA?5?$AAm?$AAa?$AAp?$AA?5?$AA?$CF@ 0000000140004af0     EfiDSEFix.obj
 0002:00000b30       ??_C@_1CFG@FJKIDNCE@?$AAE?$AAr?$AAr?$AAo?$AAr?$AA?3?$AA?5?$AAV?$AAB?$AAS?$AA?5?$AA?$CI?$AAV?$AAi?$AAr@ 0000000140004b30     EfiDSEFix.obj
 0002:00000d88       ??_C@_07IJBEPEDG@hal?4dll@ 0000000140004d88     EfiDSEFix.obj
 0002:00000d90       ??_C@_1CC@CMBFFPHO@?$AAr?$AAo?$AAo?$AAd?$AAk?$AAc?$AAa?$AAB?$AAd?$AAr?$AAa?$AAu?$AAG?$AAi?$AAf@ 0000000140004d90     EfiDSEFix.obj
 0002:00000dc0       ??_C@_1GM@MKCJHLFO@?$AAF?$AAa?$AAi?$AAl?$AAu?$AAr?$AAe?$AA?3?$AA?5?$AAN?$AAt?$AAS?$AAe?$AAt?$AAS@ 0000000140004dc0     EfiDSEFix.obj
 0002:00000e30       ??_C@_1GK@GKLHAFKO@?$AAF?$AAa?$AAi?$AAl?$AAu?$AAr?$AAe?$AA?3?$AA?5?$AAE?$AAF?$AAI?$AA?5?$AAS?$AAe@ 0000000140004e30     EfiDSEFix.obj
 0002:00000ea0       ??_C@_1NA@JMPNHLJ@?$AAT?$AAh?$AAe?$AA?5?$AAS?$AAc?$AAo?$AAo?$AAt?$AAw?$AAa?$AAr?$AAe?$AAC?$AAo@ 0000000140004ea0     EfiDSEFix.obj
 0002:00000f70       ??_C@_1MC@OLNACLCD@?$AAF?$AAa?$AAi?$AAl?$AAu?$AAr?$AAe?$AA?3?$AA?5?$AAr?$AAe?$AAc?$AAe?$AAi?$AAv@ 0000000140004f70     EfiDSEFix.obj
 0002:00001040       ??_C@_1FM@NLPNIJHK@?$AAN?$AAt?$AAS?$AAe?$AAt?$AAS?$AAy?$AAs?$AAt?$AAe?$AAm?$AAE?$AAn?$AAv?$AAi@ 0000000140005040     EfiDSEFix.obj
 0002:000010a0       ??_C@_1BO@HLGEENGM@?$AAC?$AAI?$AA?$CB?$AAg?$AA_?$AAC?$AAi?$AAO?$AAp?$AAt?$AAi?$AAo?$AAn?$AAs@ 00000001400050a0     EfiDSEFix.obj
 0002:000010c0       ??_C@_1BO@FEEDPNGN@?$AAn?$AAt?$AA?$CB?$AAg?$AA_?$AAC?$AAi?$AAE?$AAn?$AAa?$AAb?$AAl?$AAe?$AAd@ 00000001400050c0     EfiDSEFix.obj
 0002:000010e0       ??_C@_1BM@EMDDJDMG@?$AA?$CF?$AAl?$AAs?$AA?5?$AAa?$AAt?$AA?5?$AA0?$AAx?$AA?$CF?$AAp?$AA?4?$AA?6@ 00000001400050e0     EfiDSEFix.obj
 0002:00001100       ??_C@_1CM@FKCCKBFJ@?$AAN?$AAt?$AAC?$AAr?$AAe?$AAa?$AAt?$AAe?$AAF?$AAi?$AAl?$AAe?$AA?3?$AA?5?$AA0@ 0000000140005100     pe.obj
 0002:00001130       ??_C@_1DC@CMNPFPIF@?$AAN?$AAt?$AAC?$AAr?$AAe?$AAa?$AAt?$AAe?$AAS?$AAe?$AAc?$AAt?$AAi?$AAo?$AAn@ 0000000140005130     pe.obj
 0002:00001168       ??_C@_1DI@PNLKIMFK@?$AAN?$AAt?$AAM?$AAa?$AAp?$AAV?$AAi?$AAe?$AAw?$AAO?$AAf?$AAS?$AAe?$AAc?$AAt@ 0000000140005168     pe.obj
 0002:000011a0       ??_C@_1IM@NEHGGGMG@?$AA?$HL?$AA?$CF?$AA0?$AA8?$AAl?$AAx?$AA?9?$AA?$CF?$AA0?$AA4?$AAh?$AAx?$AA?9?$AA?$CF?$AA0@ 00000001400051a0     sysinfo.obj
 0002:00001230       ??_C@_1DK@OKCMLAAF@?$AAC?$AAO?$AAD?$AAE?$AAI?$AAN?$AAT?$AAE?$AAG?$AAR?$AAI?$AAT?$AAY?$AA_?$AAO@ 0000000140005230     sysinfo.obj
 0002:00001270       ??_C@_1DM@DFJAEOPG@?$AAC?$AAO?$AAD?$AAE?$AAI?$AAN?$AAT?$AAE?$AAG?$AAR?$AAI?$AAT?$AAY?$AA_?$AAO@ 0000000140005270     sysinfo.obj
 0002:000012b0       ??_C@_1EE@FLGANBMF@?$AAC?$AAO?$AAD?$AAE?$AAI?$AAN?$AAT?$AAE?$AAG?$AAR?$AAI?$AAT?$AAY?$AA_?$AAO@ 00000001400052b0     sysinfo.obj
 0002:00001300       ??_C@_1FI@PELDGJIO@?$AAC?$AAO?$AAD?$AAE?$AAI?$AAN?$AAT?$AAE?$AAG?$AAR?$AAI?$AAT?$AAY?$AA_?$AAO@ 0000000140005300     sysinfo.obj
 0002:00001360       ??_C@_1GC@HELHOKHB@?$AAC?$AAO?$AAD?$AAE?$AAI?$AAN?$AAT?$AAE?$AAG?$AAR?$AAI?$AAT?$AAY?$AA_?$AAO@ 0000000140005360     sysinfo.obj
 0002:000013d0       ??_C@_1EA@OAOOMPBK@?$AAC?$AAO?$AAD?$AAE?$AAI?$AAN?$AAT?$AAE?$AAG?$AAR?$AAI?$AAT?$AAY?$AA_?$AAO@ 00000001400053d0     sysinfo.obj
 0002:00001410       ??_C@_1FC@KJLCDCJC@?$AAC?$AAO?$AAD?$AAE?$AAI?$AAN?$AAT?$AAE?$AAG?$AAR?$AAI?$AAT?$AAY?$AA_?$AAO@ 0000000140005410     sysinfo.obj
 0002:00001470       ??_C@_1EO@NFDJMLNM@?$AAC?$AAO?$AAD?$AAE?$AAI?$AAN?$AAT?$AAE?$AAG?$AAR?$AAI?$AAT?$AAY?$AA_?$AAO@ 0000000140005470     sysinfo.obj
 0002:000014c0       ??_C@_1EE@KNNHJFCB@?$AAC?$AAO?$AAD?$AAE?$AAI?$AAN?$AAT?$AAE?$AAG?$AAR?$AAI?$AAT?$AAY?$AA_?$AAO@ 00000001400054c0     sysinfo.obj
 0002:00001510       ??_C@_1EO@CBEOHMDN@?$AAC?$AAO?$AAD?$AAE?$AAI?$AAN?$AAT?$AAE?$AAG?$AAR?$AAI?$AAT?$AAY?$AA_?$AAO@ 0000000140005510     sysinfo.obj
 0002:00001560       ??_C@_1EO@NLMAEIDI@?$AAC?$AAO?$AAD?$AAE?$AAI?$AAN?$AAT?$AAE?$AAG?$AAR?$AAI?$AAT?$AAY?$AA_?$AAO@ 0000000140005560     sysinfo.obj
 0002:000015b0       ??_C@_1GC@PIGAJPOJ@?$AAC?$AAO?$AAD?$AAE?$AAI?$AAN?$AAT?$AAE?$AAG?$AAR?$AAI?$AAT?$AAY?$AA_?$AAO@ 00000001400055b0     sysinfo.obj
 0002:00001620       ??_C@_1GE@IFGHBIDM@?$AAC?$AAO?$AAD?$AAE?$AAI?$AAN?$AAT?$AAE?$AAG?$AAR?$AAI?$AAT?$AAY?$AA_?$AAO@ 0000000140005620     sysinfo.obj
 0002:00001690       ??_C@_1EM@BKEOLKMN@?$AAC?$AAO?$AAD?$AAE?$AAI?$AAN?$AAT?$AAE?$AAG?$AAR?$AAI?$AAT?$AAY?$AA_?$AAO@ 0000000140005690     sysinfo.obj
 0002:000016e0       ??_C@_1FM@NKAJNLGD@?$AAC?$AAO?$AAD?$AAE?$AAI?$AAN?$AAT?$AAE?$AAG?$AAR?$AAI?$AAT?$AAY?$AA_?$AAO@ 00000001400056e0     sysinfo.obj
 0002:00001740       ??_C@_1FI@HMFJDACJ@?$AAC?$AAO?$AAD?$AAE?$AAI?$AAN?$AAT?$AAE?$AAG?$AAR?$AAI?$AAT?$AAY?$AA_?$AAO@ 0000000140005740     sysinfo.obj
 0002:00001798       ??_C@_1CE@BHNCOBBN@?$AA?7?$AA?5?$AA?5?$AA?5?$AA0?$AAx?$AA?$CF?$AA0?$AA4?$AAl?$AAX?$AA?3?$AA?5?$AA?$CF?$AAl@ 0000000140005798     sysinfo.obj
 0002:000017c0       ??_C@_1GA@POKMKOCE@?$AAS?$AAy?$AAs?$AAt?$AAe?$AAm?$AAB?$AAo?$AAo?$AAt?$AAE?$AAn?$AAv?$AAi?$AAr@ 00000001400057c0     sysinfo.obj
 0002:00001820       ??_C@_1GM@LADBOMHO@?$AAS?$AAy?$AAs?$AAt?$AAe?$AAm?$AAB?$AAo?$AAo?$AAt?$AAE?$AAn?$AAv?$AAi?$AAr@ 0000000140005820     sysinfo.obj
 0002:00001890       ??_C@_19BNCIOIMK@?$AAU?$AAE?$AAF?$AAI@ 0000000140005890     sysinfo.obj
 0002:000018a0       ??_C@_19JHFOIBCH@?$AAB?$AAI?$AAO?$AAS@ 00000001400058a0     sysinfo.obj
 0002:000018b0       ??_C@_1FI@DKLHPCAG@?$AA?6?$AA?7?$AA?9?$AA?5?$AAF?$AAi?$AAr?$AAm?$AAw?$AAa?$AAr?$AAe?$AAT?$AAy?$AAp@ 00000001400058b0     sysinfo.obj
 0002:00001910       ??_C@_1EC@EEJLOPNN@?$AAS?$AAy?$AAs?$AAt?$AAe?$AAm?$AAM?$AAo?$AAd?$AAu?$AAl?$AAe?$AAI?$AAn?$AAf@ 0000000140005910     sysinfo.obj
 0002:00001960       ??_C@_1FM@BOPPIAOD@?$AAS?$AAy?$AAs?$AAt?$AAe?$AAm?$AAM?$AAo?$AAd?$AAu?$AAl?$AAe?$AAI?$AAn?$AAf@ 0000000140005960     sysinfo.obj
 0002:000019c0       ??_C@_1FM@BOOHKABF@?$AAS?$AAy?$AAs?$AAt?$AAe?$AAm?$AAC?$AAo?$AAd?$AAe?$AAI?$AAn?$AAt?$AAe?$AAg@ 00000001400059c0     sysinfo.obj
 0002:00001a20       ??_C@_1HM@JKCHDIOJ@?$AAS?$AAy?$AAs?$AAt?$AAe?$AAm?$AAC?$AAo?$AAd?$AAe?$AAI?$AAn?$AAt?$AAe?$AAg@ 0000000140005a20     sysinfo.obj
 0002:00001aa0       ??_C@_1GA@PMBLLJID@?$AA?6?$AAS?$AAy?$AAs?$AAt?$AAe?$AAm?$AAK?$AAe?$AAr?$AAn?$AAe?$AAl?$AAD?$AAe@ 0000000140005aa0     sysinfo.obj
 0002:00001b00       ??_C@_1MK@DKCJEMED@?$AA?6?$AAS?$AAy?$AAs?$AAt?$AAe?$AAm?$AAK?$AAe?$AAr?$AAn?$AAe?$AAl?$AAD?$AAe@ 0000000140005b00     sysinfo.obj
 0002:00001bd0       ??_C@_1GC@GKNNGJBP@?$AAS?$AAy?$AAs?$AAt?$AAe?$AAm?$AAK?$AAe?$AAr?$AAn?$AAe?$AAl?$AAD?$AAe?$AAb@ 0000000140005bd0     sysinfo.obj
 0002:00001c40       ??_C@_1OA@PDHBKHKJ@?$AAS?$AAy?$AAs?$AAt?$AAe?$AAm?$AAK?$AAe?$AAr?$AAn?$AAe?$AAl?$AAD?$AAe?$AAb@ 0000000140005c40     sysinfo.obj
 0002:00001d20       ??_C@_1FM@EHDNMHHP@?$AAS?$AAh?$AAa?$AAr?$AAe?$AAd?$AAU?$AAs?$AAe?$AAr?$AAD?$AAa?$AAt?$AAa?$AA?9@ 0000000140005d20     sysinfo.obj
 0002:00001d80       ??_C@_1FC@LPAJIBDP@?$AAS?$AAy?$AAs?$AAt?$AAe?$AAm?$AAK?$AAe?$AAr?$AAn?$AAe?$AAl?$AAD?$AAe?$AAb@ 0000000140005d80     sysinfo.obj
 0002:00001de0       ??_C@_1EM@BIABGDMF@?$AAS?$AAy?$AAs?$AAt?$AAe?$AAm?$AAK?$AAe?$AAr?$AAn?$AAe?$AAl?$AAD?$AAe?$AAb@ 0000000140005de0     sysinfo.obj
 0002:00001e30       ??_C@_1GI@BAPJGCOI@?$AAS?$AAy?$AAs?$AAt?$AAe?$AAm?$AAC?$AAo?$AAd?$AAe?$AAI?$AAn?$AAt?$AAe?$AAg@ 0000000140005e30     sysinfo.obj
 0002:00001ea0       ??_C@_1KI@KAJJEPCM@?$AAS?$AAy?$AAs?$AAt?$AAe?$AAm?$AAC?$AAo?$AAd?$AAe?$AAI?$AAn?$AAt?$AAe?$AAg@ 0000000140005ea0     sysinfo.obj
 0002:00001f50       ??_C@_1GC@JLLHNBPE@?$AAS?$AAy?$AAs?$AAt?$AAe?$AAm?$AAI?$AAs?$AAo?$AAl?$AAa?$AAt?$AAe?$AAd?$AAU@ 0000000140005f50     sysinfo.obj
 0002:00001fc0       ??_C@_1BPC@JDJPCJBN@?$AAS?$AAy?$AAs?$AAt?$AAe?$AAm?$AAI?$AAs?$AAo?$AAl?$AAa?$AAt?$AAe?$AAd?$AAU@ 0000000140005fc0     sysinfo.obj
 0002:0000225c       __volatile_metadata        000000014000625c     <linker-defined>
 0002:00002530       __IMPORT_DESCRIPTOR_ntdll  0000000140006530     ntdllp:ntdll.dll
 0002:00002544       __IMPORT_DESCRIPTOR_KERNEL32 0000000140006544     kernel32:KERNEL32.dll
 0002:00002558       __NULL_IMPORT_DESCRIPTOR   0000000140006558     ntdllp:ntdll.dll
 0003:00000000       gEfiGlobalVariableGuid     0000000140007000     EfiDSEFix.obj

 entry point at        0001:00001170

 Static symbols

 0000:ffff5000       .debug$S                   0000000140000000     kernel32:KERNEL32.dll
 0000:ffff5000       .debug$S                   0000000140000000     ntdllp:ntdll.dll
 0000:ffff5000       .debug$S                   0000000140000000     ntdllp:ntdll.dll
 0000:ffff5000       .debug$S                   0000000140000000     ntdllp:ntdll.dll
 0000:ffff5000       .debug$S                   0000000140000000     ntdllp:ntdll.dll
 0000:ffff5000       .debug$S                   0000000140000000     ntdllp:ntdll.dll
 0000:ffff5000       .debug$S                   0000000140000000     ntdllp:ntdll.dll
 0000:ffff5000       .debug$S                   0000000140000000     ntdllp:ntdll.dll
 0000:ffff5000       .debug$S                   0000000140000000     ntdllp:ntdll.dll
 0000:ffff5000       .debug$S                   0000000140000000     ntdllp:ntdll.dll
 0000:ffff5000       .debug$S                   0000000140000000     ntdllp:ntdll.dll
 0000:ffff5000       .debug$S                   0000000140000000     ntdllp:ntdll.dll
 0000:ffff5000       .debug$S                   0000000140000000     ntdllp:ntdll.dll
 0000:ffff5000       .debug$S                   0000000140000000     ntdllp:ntdll.dll
 0000:ffff5000       .debug$S                   0000000140000000     ntdllp:ntdll.dll
 0000:ffff5000       .debug$S                   0000000140000000     ntdllp:ntdll.dll
 0000:ffff5000       .debug$S                   0000000140000000     ntdllp:ntdll.dll
 0000:ffff5000       .debug$S                   0000000140000000     ntdllp:ntdll.dll
 0000:ffff5000       .debug$S                   0000000140000000     ntdllp:ntdll.dll
 0000:ffff5000       .debug$S                   0000000140000000     ntdllp:ntdll.dll
 0000:ffff5000       .debug$S                   0000000140000000     ntdllp:ntdll.dll
 0000:ffff5000       .debug$S                   0000000140000000     ntdllp:ntdll.dll
 0000:ffff5000       .debug$S                   0000000140000000     ntdllp:ntdll.dll
 0000:ffff5000       .debug$S                   0000000140000000     ntdllp:ntdll.dll
 0000:ffff5000       .debug$S                   0000000140000000     ntdllp:ntdll.dll
 0000:ffff5000       .debug$S                   0000000140000000     ntdllp:ntdll.dll
 0000:ffff5000       .debug$S                   0000000140000000     ntdllp:ntdll.dll
 0000:ffff5000       .debug$S                   0000000140000000     ntdllp:ntdll.dll
 0000:ffff5000       .debug$S                   0000000140000000     ntdllp:ntdll.dll
 0000:ffff5000       .debug$S                   0000000140000000     ntdllp:ntdll.dll
 0001:00000700       ?PrintUsage@@YAXPEB_W@Z    0000000140001700 f   main.obj
 0001:00000fc0       ?ParseCommandLine@@YAXPEA_WPEAPEA_W0PEAK2@Z 0000000140001fc0 f   main.obj
 0001:00001260       ?FindKernelModule@@YAJPEBDPEA_K@Z 0000000140002260 f   EfiDSEFix.obj
 0001:00001380       ?FindCiOptions@@YAJPEAX_KPEA_K@Z 0000000140002380 f   EfiDSEFix.obj
 0001:00001680       ?FindCiOptionsVariable@@YAJPEAPEAX@Z 0000000140002680 f   EfiDSEFix.obj
 0002:000021c0       ?CodeIntegrityOptionNames@@3QBQEB_WB 00000001400061c0     sysinfo.obj
 0002:000022e0       $unwind$hde64_disasm       00000001400062e0     hde64.obj
 0002:000022f8       $unwind$Printf             00000001400062f8     main.obj
 0002:00002300       $unwind$?PrintUsage@@YAXPEB_W@Z 0000000140006300     main.obj
 0002:00002308       $unwind$wmain              0000000140006308     main.obj
 0002:00002318       $chain$0$wmain             0000000140006318     main.obj
 0002:0000232c       $chain$3$wmain             000000014000632c     main.obj
 0002:00002348       $chain$4$wmain             0000000140006348     main.obj
 0002:00002358       $chain$5$wmain             0000000140006358     main.obj
 0002:00002368       $unwind$?ParseCommandLine@@YAXPEA_WPEAPEA_W0PEAK2@Z 0000000140006368     main.obj
 0002:0000237c       $unwind$?NtProcessStartupW@@YAJPEAU_PEB@@@Z 000000014000637c     main.obj
 0002:0000238c       $unwind$?FindKernelModule@@YAJPEBDPEA_K@Z 000000014000638c     EfiDSEFix.obj
 0002:00002398       $chain$1$?FindKernelModule@@YAJPEBDPEA_K@Z 0000000140006398     EfiDSEFix.obj
 0002:000023b0       $chain$2$?FindKernelModule@@YAJPEBDPEA_K@Z 00000001400063b0     EfiDSEFix.obj
 0002:000023c4       $chain$3$?FindKernelModule@@YAJPEBDPEA_K@Z 00000001400063c4     EfiDSEFix.obj
 0002:000023d8       $chain$4$?FindKernelModule@@YAJPEBDPEA_K@Z 00000001400063d8     EfiDSEFix.obj
 0002:000023e8       $chain$5$?FindKernelModule@@YAJPEBDPEA_K@Z 00000001400063e8     EfiDSEFix.obj
 0002:000023f8       $chain$6$?FindKernelModule@@YAJPEBDPEA_K@Z 00000001400063f8     EfiDSEFix.obj
 0002:00002408       $unwind$?FindCiOptions@@YAJPEAX_KPEA_K@Z 0000000140006408     EfiDSEFix.obj
 0002:00002420       $unwind$?FindCiOptionsVariable@@YAJPEAPEAX@Z 0000000140006420     EfiDSEFix.obj
 0002:00002434       $unwind$TestSetVariableHook 0000000140006434     EfiDSEFix.obj
 0002:0000243c       $chain$1$TestSetVariableHook 000000014000643c     EfiDSEFix.obj
 0002:00002454       $chain$3$TestSetVariableHook 0000000140006454     EfiDSEFix.obj
 0002:00002454       $chain$5$TestSetVariableHook 0000000140006454     EfiDSEFix.obj
 0002:0000246c       $chain$6$TestSetVariableHook 000000014000646c     EfiDSEFix.obj
 0002:0000247c       $unwind$AdjustCiOptions    000000014000647c     EfiDSEFix.obj
 0002:0000248c       $chain$2$AdjustCiOptions   000000014000648c     EfiDSEFix.obj
 0002:000024a8       $chain$3$AdjustCiOptions   00000001400064a8     EfiDSEFix.obj
 0002:000024bc       $chain$4$AdjustCiOptions   00000001400064bc     EfiDSEFix.obj
 0002:000024cc       $chain$5$AdjustCiOptions   00000001400064cc     EfiDSEFix.obj
 0002:000024dc       $unwind$AddressIsInSection 00000001400064dc     pe.obj
 0002:000024f4       $unwind$DumpSystemInformation 00000001400064f4     sysinfo.obj
 0002:00002504       $chain$2$DumpSystemInformation 0000000140006504     sysinfo.obj
 0002:00002520       $chain$3$DumpSystemInformation 0000000140006520     sysinfo.obj
 0002:0000287a       .idata$6                   000000014000687a     ntdllp:ntdll.dll
 0002:00002894       .idata$6                   0000000140006894     kernel32:KERNEL32.dll
 0005:00000060       $R000000                   0000000140009060     resource.res
